CREATE EXTENSION pg_tde;
SELECT pg_tde_add_global_key_provider_file('global_keyring_provider','/tmp/pg_tde_keyring.per');
ERROR:  key provider "global_keyring_provider" already exists
SELECT pg_tde_set_server_key_using_global_key_provider('wal_key','global_keyring_provider');
 pg_tde_set_server_key_using_global_key_provider 
-------------------------------------------------
 
(1 row)

SELECT pg_tde_set_key_using_global_key_provider('table_key','global_keyring_provider');
 pg_tde_set_key_using_global_key_provider 
------------------------------------------
 
(1 row)

CREATE TABLE IF NOT EXISTS partitioned_table (
    id SERIAL,
    data TEXT,
    created_at DATE NOT NULL,
    PRIMARY KEY (id, created_at)
    ) PARTITION BY RANGE (created_at) USING tde_heap;
CREATE TABLE partition_q1_2024 PARTITION OF partitioned_table FOR VALUES FROM ('2024-01-01') TO ('2024-04-01') USING tde_heap;
CREATE TABLE partition_q2_2024 PARTITION OF partitioned_table FOR VALUES FROM ('2024-04-01') TO ('2024-07-01') USING heap;
CREATE TABLE partition_q3_2024 PARTITION OF partitioned_table FOR VALUES FROM ('2024-07-01') TO ('2024-10-01') USING tde_heap;
CREATE TABLE partition_q4_2024 PARTITION OF partitioned_table FOR VALUES FROM ('2024-10-01') TO ('2025-01-01') USING heap;
SELECT pg_tde_is_encrypted('partitioned_table');
 pg_tde_is_encrypted 
---------------------
 
(1 row)

SELECT pg_tde_is_encrypted('partition_q1_2024');
 pg_tde_is_encrypted 
---------------------
 t
(1 row)

SELECT pg_tde_is_encrypted('partition_q2_2024');
 pg_tde_is_encrypted 
---------------------
 f
(1 row)

SELECT pg_tde_is_encrypted('partition_q3_2024');
 pg_tde_is_encrypted 
---------------------
 t
(1 row)

SELECT pg_tde_is_encrypted('partition_q4_2024');
 pg_tde_is_encrypted 
---------------------
 f
(1 row)

ALTER TABLE partitioned_table SET ACCESS METHOD heap;
ALTER TABLE partition_q1_2024 SET ACCESS METHOD heap;
ALTER TABLE partition_q2_2024 SET ACCESS METHOD tde_heap;
ALTER TABLE partition_q3_2024 SET ACCESS METHOD heap;
ALTER TABLE partition_q4_2024 SET ACCESS METHOD tde_heap;
SELECT pg_tde_is_encrypted('partitioned_table');
 pg_tde_is_encrypted 
---------------------
 
(1 row)

SELECT pg_tde_is_encrypted('partition_q1_2024');
 pg_tde_is_encrypted 
---------------------
 f
(1 row)

SELECT pg_tde_is_encrypted('partition_q2_2024');
 pg_tde_is_encrypted 
---------------------
 t
(1 row)

SELECT pg_tde_is_encrypted('partition_q3_2024');
 pg_tde_is_encrypted 
---------------------
 f
(1 row)

SELECT pg_tde_is_encrypted('partition_q4_2024');
 pg_tde_is_encrypted 
---------------------
 t
(1 row)

DROP TABLE partition_q1_2024,partition_q2_2024,partition_q3_2024,partition_q4_2024,partitioned_table;
DROP EXTENSION pg_tde;
